// Jest Snapshot v1, https://goo.gl/fbAQLP

exports[`Item component renders and matches the snapshot 1`] = `
<ItemStyles__Item>
  <Title>
    <Link
      href={
        Object {
          "pathname": "/item",
          "query": Object {
            "id": "34567o8fuvkyudgw5t3",
          },
        }
      }
    >
      <a>
        A very neat item
      </a>
    </Link>
  </Title>
  <PriceTag>
    $70
  </PriceTag>
  <img
    alt="A very neat item"
    src="item.jpg"
  />
  <p>
    This item is very cool and handy
  </p>
  <div
    className="buttonList"
  >
    <Link
      href={
        Object {
          "pathname": "update",
          "query": Object {
            "id": "34567o8fuvkyudgw5t3",
          },
        }
      }
    >
      <a>
        Edit
      </a>
    </Link>
    <AddToCart
      id="34567o8fuvkyudgw5t3"
    />
    <DeleteItem
      id="34567o8fuvkyudgw5t3"
    >
      Delete Item
    </DeleteItem>
  </div>
</ItemStyles__Item>
`;
