// Jest Snapshot v1, https://goo.gl/fbAQLP

exports[`Single Item Component renders with proper data 1`] = `
<h2>
  dogs are best
</h2>
`;

exports[`Single Item Component renders with proper data 2`] = `
<img
  alt="dogs are best"
  src="dog.jpg"
/>
`;

exports[`Single Item Component renders with proper data 3`] = `
<p>
  <span>
    More about this item: 
  </span>
  dogs
</p>
`;
